<?xml version='1.0' encoding='utf-8'?>
<testsuites name="cocotb tests"><testsuite name="test_project" errors="0" failures="0" skipped="0" tests="1" time="0.058" timestamp="2026-09-17T17:02:17.392176+00:00" hostname="DESKTOP-VCOI1A9"><testcase classname="test_project" name="test_neuron_learning" time="0.058"><properties><property name="cocotb" value="True" /><property name="random_seed" value="1789664536" /><property name="file" value="/home/usuario/proyectos_asic/mi_proyecto_neurona/test/test_project.py" /><property name="line" value="5" /><property name="sim_time_unit" value="ns" /><property name="sim_time_start" value="0.0" /><property name="sim_time_stop" value="7360.0" /><property name="sim_time_duration" value="7360.0" /><property name="sim_time_ratio" value="126793.86836602252" /></properties></testcase></testsuite></testsuites>